<html>
<body>
<pre>
<h1>µVision Build Log</h1>
<h2>Tool Versions:</h2>
IDE-Version: µVision V5.31.0.0
Copyright (C) 2020 ARM Ltd and ARM Germany GmbH. All rights reserved.
License Information: Admin Admin, Admin, LIC=MPPLD-8FBPZ-PCNJ8-36IK7-JKCDL-LXBCT
 
Tool Versions:
Toolchain:       MDK-ARM Plus  Version: 5.31.0.0
Toolchain Path:  C:\Keil_v5\ARM\ARMCC\Bin
C Compiler:      Armcc.exe V5.06 update 6 (build 750)
Assembler:       Armasm.exe V5.06 update 6 (build 750)
Linker/Locator:  ArmLink.exe V5.06 update 6 (build 750)
Library Manager: ArmAr.exe V5.06 update 6 (build 750)
Hex Converter:   FromElf.exe V5.06 update 6 (build 750)
CPU DLL:         SARMCM3.DLL V5.31.0.0
Dialog DLL:      DCM.DLL V1.17.3.0
Target DLL:      STLink\ST-LINKIII-KEIL_SWO.dll V3.0.7.0
Dialog DLL:      TCM.DLL V1.46.0.0
 
<h2>Project:</h2>
C:\Users\Admin\Desktop\GIAOTIEPSPI\MDK-ARM\GIAOTIEPSPI.uvprojx
Project File Date:  11/05/2022

<h2>Output:</h2>
*** Using Compiler 'V5.06 update 6 (build 750)', folder: 'C:\Keil_v5\ARM\ARMCC\Bin'
Build target 'GIAOTIEPSPI'
compiling main.c...
../Core/Src/main.c(63): warning:  #1295-D: Deprecated declaration SPI_Soft_init - give arg types
  	void SPI_Soft_init();// chuong trình kh?i t?o SPI
../Core/Src/main.c(64): warning:  #1295-D: Deprecated declaration Clock - give arg types
  void Clock();// chuong trình t?o 1 xung clock
../Core/Src/main.c(66): warning:  #1295-D: Deprecated declaration SPI_Soft_Receive - give arg types
  uint8_t SPI_Soft_Receive();// chuong trình nh?n v? 1 byte
../Core/Src/main.c(115): warning:  #188-D: enumerated type mixed with another type
    HAL_GPIO_WritePin(SCK_GPIO_Port,SCK_Pin,0);
../Core/Src/main.c(116): warning:  #188-D: enumerated type mixed with another type
     HAL_GPIO_WritePin(MOSI_GPIO_Port,MOSI_Pin,0);
../Core/Src/main.c(117): warning:  #188-D: enumerated type mixed with another type
     HAL_GPIO_WritePin(SS_GPIO_Port,SS_Pin,1);
../Core/Src/main.c(120): warning:  #188-D: enumerated type mixed with another type
   HAL_GPIO_WritePin(SCK_GPIO_Port,SCK_Pin,1);
../Core/Src/main.c(122): warning:  #188-D: enumerated type mixed with another type
    HAL_GPIO_WritePin(SCK_GPIO_Port,SCK_Pin,0);
../Core/Src/main.c(127): warning:  #188-D: enumerated type mixed with another type
    HAL_GPIO_WritePin(SS_GPIO_Port,SS_Pin,0);
../Core/Src/main.c(130): warning:  #188-D: enumerated type mixed with another type
         HAL_GPIO_WritePin(MOSI_GPIO_Port,MOSI_Pin,1);
../Core/Src/main.c(132): warning:  #188-D: enumerated type mixed with another type
        HAL_GPIO_WritePin(MOSI_GPIO_Port,MOSI_Pin,0);
../Core/Src/main.c(136): warning:  #188-D: enumerated type mixed with another type
    HAL_GPIO_WritePin(SS_GPIO_Port,SS_Pin,1);//Ðã g?i xong,dua chân SS lên m?c 1
../Core/Src/main.c: 12 warnings, 0 errors
linking...
Program Size: Code=2944 RO-data=284 RW-data=16 ZI-data=1632  
FromELF: creating hex file...
"GIAOTIEPSPI\GIAOTIEPSPI.axf" - 0 Error(s), 12 Warning(s).

<h2>Software Packages used:</h2>

Package Vendor: ARM
                http://www.keil.com/pack/ARM.CMSIS.5.7.0.pack
                ARM.CMSIS.5.7.0
                CMSIS (Cortex Microcontroller Software Interface Standard)
   * Component: CORE Version: 5.4.0

Package Vendor: Keil
                http://www.keil.com/pack/Keil.STM32F1xx_DFP.2.4.0.pack
                Keil.STM32F1xx_DFP.2.4.0
                STMicroelectronics STM32F1 Series Device Support, Drivers and Examples

<h2>Collection of Component include folders:</h2>
  .\RTE\_GIAOTIEPSPI
  C:\Users\Admin\AppData\Local\Arm\Packs\ARM\CMSIS\5.7.0\CMSIS\Core\Include
  C:\Users\Admin\AppData\Local\Arm\Packs\Keil\STM32F1xx_DFP\2.4.0\Device\Include

<h2>Collection of Component Files used:</h2>

   * Component: ARM::CMSIS:CORE:5.4.0
      Include file:  CMSIS\Core\Include\tz_context.h
Build Time Elapsed:  00:00:02
</pre>
</body>
</html>
